22:15:40 **** Incremental Build of configuration Debug for project stm32f407xx-driver-development- ****
make -j8 all 
arm-none-eabi-gcc "../drivers/src/stm32f407xx_gpio_driver.c" -mcpu=cortex-m4 -std=gnu11 -g3 -DDEBUG -DSTM32 -DSTM32F407G_DISC1 -DSTM32F4 -DSTM32F407VGTx -c -I../Inc -I"D:/Workspace/Driver_Development_workspace/Src" -I"D:/Workspace/Driver_Development_workspace/drivers/src" -I"D:/Workspace/Driver_Development_workspace/drivers/inc" -O0 -ffunction-sections -fdata-sections -Wall -fstack-usage -fcyclomatic-complexity -MMD -MP -MF"drivers/src/stm32f407xx_gpio_driver.d" -MT"drivers/src/stm32f407xx_gpio_driver.o" --specs=nano.specs -mfloat-abi=soft -mthumb -o "drivers/src/stm32f407xx_gpio_driver.o"
arm-none-eabi-gcc "../drivers/src/stm32f407xx_i2c_driver.c" -mcpu=cortex-m4 -std=gnu11 -g3 -DDEBUG -DSTM32 -DSTM32F407G_DISC1 -DSTM32F4 -DSTM32F407VGTx -c -I../Inc -I"D:/Workspace/Driver_Development_workspace/Src" -I"D:/Workspace/Driver_Development_workspace/drivers/src" -I"D:/Workspace/Driver_Development_workspace/drivers/inc" -O0 -ffunction-sections -fdata-sections -Wall -fstack-usage -fcyclomatic-complexity -MMD -MP -MF"drivers/src/stm32f407xx_i2c_driver.d" -MT"drivers/src/stm32f407xx_i2c_driver.o" --specs=nano.specs -mfloat-abi=soft -mthumb -o "drivers/src/stm32f407xx_i2c_driver.o"
arm-none-eabi-gcc "../drivers/src/stm32f407xx_spi_driver.c" -mcpu=cortex-m4 -std=gnu11 -g3 -DDEBUG -DSTM32 -DSTM32F407G_DISC1 -DSTM32F4 -DSTM32F407VGTx -c -I../Inc -I"D:/Workspace/Driver_Development_workspace/Src" -I"D:/Workspace/Driver_Development_workspace/drivers/src" -I"D:/Workspace/Driver_Development_workspace/drivers/inc" -O0 -ffunction-sections -fdata-sections -Wall -fstack-usage -fcyclomatic-complexity -MMD -MP -MF"drivers/src/stm32f407xx_spi_driver.d" -MT"drivers/src/stm32f407xx_spi_driver.o" --specs=nano.specs -mfloat-abi=soft -mthumb -o "drivers/src/stm32f407xx_spi_driver.o"
arm-none-eabi-gcc -mcpu=cortex-m4 -g3 -DDEBUG -c -x assembler-with-cpp -MMD -MP -MF"Startup/startup_stm32f407vgtx.d" -MT"Startup/startup_stm32f407vgtx.o" --specs=nano.specs -mfloat-abi=soft -mthumb -o "Startup/startup_stm32f407vgtx.o" "../Startup/startup_stm32f407vgtx.s"
arm-none-eabi-gcc "../Src/008spi_command_handling.c" -mcpu=cortex-m4 -std=gnu11 -g3 -DDEBUG -DSTM32 -DSTM32F407G_DISC1 -DSTM32F4 -DSTM32F407VGTx -c -I../Inc -I"D:/Workspace/Driver_Development_workspace/Src" -I"D:/Workspace/Driver_Development_workspace/drivers/src" -I"D:/Workspace/Driver_Development_workspace/drivers/inc" -O0 -ffunction-sections -fdata-sections -Wall -fstack-usage -fcyclomatic-complexity -MMD -MP -MF"Src/008spi_command_handling.d" -MT"Src/008spi_command_handling.o" --specs=nano.specs -mfloat-abi=soft -mthumb -o "Src/008spi_command_handling.o"
arm-none-eabi-gcc "../Src/syscalls.c" -mcpu=cortex-m4 -std=gnu11 -g3 -DDEBUG -DSTM32 -DSTM32F407G_DISC1 -DSTM32F4 -DSTM32F407VGTx -c -I../Inc -I"D:/Workspace/Driver_Development_workspace/Src" -I"D:/Workspace/Driver_Development_workspace/drivers/src" -I"D:/Workspace/Driver_Development_workspace/drivers/inc" -O0 -ffunction-sections -fdata-sections -Wall -fstack-usage -fcyclomatic-complexity -MMD -MP -MF"Src/syscalls.d" -MT"Src/syscalls.o" --specs=nano.specs -mfloat-abi=soft -mthumb -o "Src/syscalls.o"
arm-none-eabi-gcc "../Src/sysmem.c" -mcpu=cortex-m4 -std=gnu11 -g3 -DDEBUG -DSTM32 -DSTM32F407G_DISC1 -DSTM32F4 -DSTM32F407VGTx -c -I../Inc -I"D:/Workspace/Driver_Development_workspace/Src" -I"D:/Workspace/Driver_Development_workspace/drivers/src" -I"D:/Workspace/Driver_Development_workspace/drivers/inc" -O0 -ffunction-sections -fdata-sections -Wall -fstack-usage -fcyclomatic-complexity -MMD -MP -MF"Src/sysmem.d" -MT"Src/sysmem.o" --specs=nano.specs -mfloat-abi=soft -mthumb -o "Src/sysmem.o"
arm-none-eabi-gcc -o "stm32f407xx-driver-development-.elf" @"objects.list"   -mcpu=cortex-m4 -T"D:\Workspace\Driver_Development_workspace\STM32F407VGTX_FLASH.ld" --specs=nosys.specs -Wl,-Map="stm32f407xx-driver-development-.map" -Wl,--gc-sections -static --specs=nano.specs -mfloat-abi=soft -mthumb -Wl,--start-group -lc -lm -Wl,--end-group
Finished building target: stm32f407xx-driver-development-.elf
 
arm-none-eabi-size  stm32f407xx-driver-development-.elf 
arm-none-eabi-objdump -h -S stm32f407xx-driver-development-.elf  > "stm32f407xx-driver-development-.list"
   text	   data	    bss	    dec	    hex	filename
   8516	     92	   1900	  10508	   290c	stm32f407xx-driver-development-.elf
Finished building: default.size.stdout
 
Finished building: stm32f407xx-driver-development-.list
 

22:15:41 Build Finished. 0 errors, 0 warnings. (took 1s.314ms)

